// Jest Snapshot v1, https://goo.gl/fbAQLP

exports[`Value component contains 3 ValueItem components when we passed it through the props 1`] = `
<div class="list-group">
  <h2>List of Values</h2> <small class="text-muted">Number of values : 3 / 4</small>
  <div class="list-group-item">
    <p>
      First Value
    </p> <svg aria-hidden="true" focusable="false" data-prefix="fas" data-icon="edit" role="img" xmlns="http://www.w3.org/2000/svg" viewBox="0 0 576 512" class="edit svg-inline--fa fa-edit fa-w-18">
      <path fill="currentColor" d="M402.6 83.2l90.2 90.2c3.8 3.8 3.8 10 0 13.8L274.4 405.6l-92.8 10.3c-12.4 1.4-22.9-9.1-21.5-21.5l10.3-92.8L388.8 83.2c3.8-3.8 10-3.8 13.8 0zm162-22.9l-48.8-48.8c-15.2-15.2-39.9-15.2-55.2 0l-35.4 35.4c-3.8 3.8-3.8 10 0 13.8l90.2 90.2c3.8 3.8 10 3.8 13.8 0l35.4-35.4c15.2-15.3 15.2-40 0-55.2zM384 346.2V448H64V128h229.8c3.2 0 6.2-1.3 8.5-3.5l40-40c7.6-7.6 2.2-20.5-8.5-20.5H48C21.5 64 0 85.5 0 112v352c0 26.5 21.5 48 48 48h352c26.5 0 48-21.5 48-48V306.2c0-10.7-12.9-16-20.5-8.5l-40 40c-2.2 2.3-3.5 5.3-3.5 8.5z" class=""></path>
    </svg> <svg aria-hidden="true" focusable="false" data-prefix="fas" data-icon="trash" role="img" xmlns="http://www.w3.org/2000/svg" viewBox="0 0 448 512" class="trash svg-inline--fa fa-trash fa-w-14">
      <path fill="currentColor" d="M432 32H312l-9.4-18.7A24 24 0 0 0 281.1 0H166.8a23.72 23.72 0 0 0-21.4 13.3L136 32H16A16 16 0 0 0 0 48v32a16 16 0 0 0 16 16h416a16 16 0 0 0 16-16V48a16 16 0 0 0-16-16zM53.2 467a48 48 0 0 0 47.9 45h245.8a48 48 0 0 0 47.9-45L416 128H32z" class=""></path>
    </svg>
  </div>
  <div class="list-group-item">
    <p>
      Second Value
    </p> <svg aria-hidden="true" focusable="false" data-prefix="fas" data-icon="edit" role="img" xmlns="http://www.w3.org/2000/svg" viewBox="0 0 576 512" class="edit svg-inline--fa fa-edit fa-w-18">
      <path fill="currentColor" d="M402.6 83.2l90.2 90.2c3.8 3.8 3.8 10 0 13.8L274.4 405.6l-92.8 10.3c-12.4 1.4-22.9-9.1-21.5-21.5l10.3-92.8L388.8 83.2c3.8-3.8 10-3.8 13.8 0zm162-22.9l-48.8-48.8c-15.2-15.2-39.9-15.2-55.2 0l-35.4 35.4c-3.8 3.8-3.8 10 0 13.8l90.2 90.2c3.8 3.8 10 3.8 13.8 0l35.4-35.4c15.2-15.3 15.2-40 0-55.2zM384 346.2V448H64V128h229.8c3.2 0 6.2-1.3 8.5-3.5l40-40c7.6-7.6 2.2-20.5-8.5-20.5H48C21.5 64 0 85.5 0 112v352c0 26.5 21.5 48 48 48h352c26.5 0 48-21.5 48-48V306.2c0-10.7-12.9-16-20.5-8.5l-40 40c-2.2 2.3-3.5 5.3-3.5 8.5z" class=""></path>
    </svg> <svg aria-hidden="true" focusable="false" data-prefix="fas" data-icon="trash" role="img" xmlns="http://www.w3.org/2000/svg" viewBox="0 0 448 512" class="trash svg-inline--fa fa-trash fa-w-14">
      <path fill="currentColor" d="M432 32H312l-9.4-18.7A24 24 0 0 0 281.1 0H166.8a23.72 23.72 0 0 0-21.4 13.3L136 32H16A16 16 0 0 0 0 48v32a16 16 0 0 0 16 16h416a16 16 0 0 0 16-16V48a16 16 0 0 0-16-16zM53.2 467a48 48 0 0 0 47.9 45h245.8a48 48 0 0 0 47.9-45L416 128H32z" class=""></path>
    </svg>
  </div>
  <div class="list-group-item">
    <p>
      Third Value
    </p> <svg aria-hidden="true" focusable="false" data-prefix="fas" data-icon="edit" role="img" xmlns="http://www.w3.org/2000/svg" viewBox="0 0 576 512" class="edit svg-inline--fa fa-edit fa-w-18">
      <path fill="currentColor" d="M402.6 83.2l90.2 90.2c3.8 3.8 3.8 10 0 13.8L274.4 405.6l-92.8 10.3c-12.4 1.4-22.9-9.1-21.5-21.5l10.3-92.8L388.8 83.2c3.8-3.8 10-3.8 13.8 0zm162-22.9l-48.8-48.8c-15.2-15.2-39.9-15.2-55.2 0l-35.4 35.4c-3.8 3.8-3.8 10 0 13.8l90.2 90.2c3.8 3.8 10 3.8 13.8 0l35.4-35.4c15.2-15.3 15.2-40 0-55.2zM384 346.2V448H64V128h229.8c3.2 0 6.2-1.3 8.5-3.5l40-40c7.6-7.6 2.2-20.5-8.5-20.5H48C21.5 64 0 85.5 0 112v352c0 26.5 21.5 48 48 48h352c26.5 0 48-21.5 48-48V306.2c0-10.7-12.9-16-20.5-8.5l-40 40c-2.2 2.3-3.5 5.3-3.5 8.5z" class=""></path>
    </svg> <svg aria-hidden="true" focusable="false" data-prefix="fas" data-icon="trash" role="img" xmlns="http://www.w3.org/2000/svg" viewBox="0 0 448 512" class="trash svg-inline--fa fa-trash fa-w-14">
      <path fill="currentColor" d="M432 32H312l-9.4-18.7A24 24 0 0 0 281.1 0H166.8a23.72 23.72 0 0 0-21.4 13.3L136 32H16A16 16 0 0 0 0 48v32a16 16 0 0 0 16 16h416a16 16 0 0 0 16-16V48a16 16 0 0 0-16-16zM53.2 467a48 48 0 0 0 47.9 45h245.8a48 48 0 0 0 47.9-45L416 128H32z" class=""></path>
    </svg>
  </div> <br>
  <!---->
  <h5><svg aria-hidden="true" focusable="false" data-prefix="fas" data-icon="plus" role="img" xmlns="http://www.w3.org/2000/svg" viewBox="0 0 448 512" class="plus svg-inline--fa fa-plus fa-w-14">
      <path fill="currentColor" d="M416 208H272V64c0-17.67-14.33-32-32-32h-32c-17.67 0-32 14.33-32 32v144H32c-17.67 0-32 14.33-32 32v32c0 17.67 14.33 32 32 32h144v144c0 17.67 14.33 32 32 32h32c17.67 0 32-14.33 32-32V304h144c17.67 0 32-14.33 32-32v-32c0-17.67-14.33-32-32-32z" class=""></path>
    </svg>
    Click the "+" icon to add another value
  </h5>
</div>
`;

exports[`Value component with 3 values contains 3 ValueItem components when we passed it through the props 1`] = `
<div class="list-group">
  <h2>List of Values</h2> <small class="text-muted">Number of values : 3 / 4</small>
  <div class="list-group-item">
    <p>
      First Value
    </p> <svg aria-hidden="true" focusable="false" data-prefix="fas" data-icon="edit" role="img" xmlns="http://www.w3.org/2000/svg" viewBox="0 0 576 512" class="edit svg-inline--fa fa-edit fa-w-18">
      <path fill="currentColor" d="M402.6 83.2l90.2 90.2c3.8 3.8 3.8 10 0 13.8L274.4 405.6l-92.8 10.3c-12.4 1.4-22.9-9.1-21.5-21.5l10.3-92.8L388.8 83.2c3.8-3.8 10-3.8 13.8 0zm162-22.9l-48.8-48.8c-15.2-15.2-39.9-15.2-55.2 0l-35.4 35.4c-3.8 3.8-3.8 10 0 13.8l90.2 90.2c3.8 3.8 10 3.8 13.8 0l35.4-35.4c15.2-15.3 15.2-40 0-55.2zM384 346.2V448H64V128h229.8c3.2 0 6.2-1.3 8.5-3.5l40-40c7.6-7.6 2.2-20.5-8.5-20.5H48C21.5 64 0 85.5 0 112v352c0 26.5 21.5 48 48 48h352c26.5 0 48-21.5 48-48V306.2c0-10.7-12.9-16-20.5-8.5l-40 40c-2.2 2.3-3.5 5.3-3.5 8.5z" class=""></path>
    </svg> <svg aria-hidden="true" focusable="false" data-prefix="fas" data-icon="trash" role="img" xmlns="http://www.w3.org/2000/svg" viewBox="0 0 448 512" class="trash svg-inline--fa fa-trash fa-w-14">
      <path fill="currentColor" d="M432 32H312l-9.4-18.7A24 24 0 0 0 281.1 0H166.8a23.72 23.72 0 0 0-21.4 13.3L136 32H16A16 16 0 0 0 0 48v32a16 16 0 0 0 16 16h416a16 16 0 0 0 16-16V48a16 16 0 0 0-16-16zM53.2 467a48 48 0 0 0 47.9 45h245.8a48 48 0 0 0 47.9-45L416 128H32z" class=""></path>
    </svg>
  </div>
  <div class="list-group-item">
    <p>
      Second Value
    </p> <svg aria-hidden="true" focusable="false" data-prefix="fas" data-icon="edit" role="img" xmlns="http://www.w3.org/2000/svg" viewBox="0 0 576 512" class="edit svg-inline--fa fa-edit fa-w-18">
      <path fill="currentColor" d="M402.6 83.2l90.2 90.2c3.8 3.8 3.8 10 0 13.8L274.4 405.6l-92.8 10.3c-12.4 1.4-22.9-9.1-21.5-21.5l10.3-92.8L388.8 83.2c3.8-3.8 10-3.8 13.8 0zm162-22.9l-48.8-48.8c-15.2-15.2-39.9-15.2-55.2 0l-35.4 35.4c-3.8 3.8-3.8 10 0 13.8l90.2 90.2c3.8 3.8 10 3.8 13.8 0l35.4-35.4c15.2-15.3 15.2-40 0-55.2zM384 346.2V448H64V128h229.8c3.2 0 6.2-1.3 8.5-3.5l40-40c7.6-7.6 2.2-20.5-8.5-20.5H48C21.5 64 0 85.5 0 112v352c0 26.5 21.5 48 48 48h352c26.5 0 48-21.5 48-48V306.2c0-10.7-12.9-16-20.5-8.5l-40 40c-2.2 2.3-3.5 5.3-3.5 8.5z" class=""></path>
    </svg> <svg aria-hidden="true" focusable="false" data-prefix="fas" data-icon="trash" role="img" xmlns="http://www.w3.org/2000/svg" viewBox="0 0 448 512" class="trash svg-inline--fa fa-trash fa-w-14">
      <path fill="currentColor" d="M432 32H312l-9.4-18.7A24 24 0 0 0 281.1 0H166.8a23.72 23.72 0 0 0-21.4 13.3L136 32H16A16 16 0 0 0 0 48v32a16 16 0 0 0 16 16h416a16 16 0 0 0 16-16V48a16 16 0 0 0-16-16zM53.2 467a48 48 0 0 0 47.9 45h245.8a48 48 0 0 0 47.9-45L416 128H32z" class=""></path>
    </svg>
  </div>
  <div class="list-group-item">
    <p>
      Third Value
    </p> <svg aria-hidden="true" focusable="false" data-prefix="fas" data-icon="edit" role="img" xmlns="http://www.w3.org/2000/svg" viewBox="0 0 576 512" class="edit svg-inline--fa fa-edit fa-w-18">
      <path fill="currentColor" d="M402.6 83.2l90.2 90.2c3.8 3.8 3.8 10 0 13.8L274.4 405.6l-92.8 10.3c-12.4 1.4-22.9-9.1-21.5-21.5l10.3-92.8L388.8 83.2c3.8-3.8 10-3.8 13.8 0zm162-22.9l-48.8-48.8c-15.2-15.2-39.9-15.2-55.2 0l-35.4 35.4c-3.8 3.8-3.8 10 0 13.8l90.2 90.2c3.8 3.8 10 3.8 13.8 0l35.4-35.4c15.2-15.3 15.2-40 0-55.2zM384 346.2V448H64V128h229.8c3.2 0 6.2-1.3 8.5-3.5l40-40c7.6-7.6 2.2-20.5-8.5-20.5H48C21.5 64 0 85.5 0 112v352c0 26.5 21.5 48 48 48h352c26.5 0 48-21.5 48-48V306.2c0-10.7-12.9-16-20.5-8.5l-40 40c-2.2 2.3-3.5 5.3-3.5 8.5z" class=""></path>
    </svg> <svg aria-hidden="true" focusable="false" data-prefix="fas" data-icon="trash" role="img" xmlns="http://www.w3.org/2000/svg" viewBox="0 0 448 512" class="trash svg-inline--fa fa-trash fa-w-14">
      <path fill="currentColor" d="M432 32H312l-9.4-18.7A24 24 0 0 0 281.1 0H166.8a23.72 23.72 0 0 0-21.4 13.3L136 32H16A16 16 0 0 0 0 48v32a16 16 0 0 0 16 16h416a16 16 0 0 0 16-16V48a16 16 0 0 0-16-16zM53.2 467a48 48 0 0 0 47.9 45h245.8a48 48 0 0 0 47.9-45L416 128H32z" class=""></path>
    </svg>
  </div> <br>
  <!---->
  <h5><svg aria-hidden="true" focusable="false" data-prefix="fas" data-icon="plus" role="img" xmlns="http://www.w3.org/2000/svg" viewBox="0 0 448 512" class="plus svg-inline--fa fa-plus fa-w-14">
      <path fill="currentColor" d="M416 208H272V64c0-17.67-14.33-32-32-32h-32c-17.67 0-32 14.33-32 32v144H32c-17.67 0-32 14.33-32 32v32c0 17.67 14.33 32 32 32h144v144c0 17.67 14.33 32 32 32h32c17.67 0 32-14.33 32-32V304h144c17.67 0 32-14.33 32-32v-32c0-17.67-14.33-32-32-32z" class=""></path>
    </svg>
    Click the "+" icon to add another value
  </h5>
</div>
`;

exports[`Value component with 4 values displays the Value Edit component when we click the edit icon 1`] = `
<div class="list-group">
  <h2>List of Values</h2> <small class="text-muted">Number of values : 4 / 4</small>
  <div class="list-group-item">
    <p>
      First Value
    </p> <svg aria-hidden="true" focusable="false" data-prefix="fas" data-icon="edit" role="img" xmlns="http://www.w3.org/2000/svg" viewBox="0 0 576 512" class="edit svg-inline--fa fa-edit fa-w-18">
      <path fill="currentColor" d="M402.6 83.2l90.2 90.2c3.8 3.8 3.8 10 0 13.8L274.4 405.6l-92.8 10.3c-12.4 1.4-22.9-9.1-21.5-21.5l10.3-92.8L388.8 83.2c3.8-3.8 10-3.8 13.8 0zm162-22.9l-48.8-48.8c-15.2-15.2-39.9-15.2-55.2 0l-35.4 35.4c-3.8 3.8-3.8 10 0 13.8l90.2 90.2c3.8 3.8 10 3.8 13.8 0l35.4-35.4c15.2-15.3 15.2-40 0-55.2zM384 346.2V448H64V128h229.8c3.2 0 6.2-1.3 8.5-3.5l40-40c7.6-7.6 2.2-20.5-8.5-20.5H48C21.5 64 0 85.5 0 112v352c0 26.5 21.5 48 48 48h352c26.5 0 48-21.5 48-48V306.2c0-10.7-12.9-16-20.5-8.5l-40 40c-2.2 2.3-3.5 5.3-3.5 8.5z" class=""></path>
    </svg> <svg aria-hidden="true" focusable="false" data-prefix="fas" data-icon="trash" role="img" xmlns="http://www.w3.org/2000/svg" viewBox="0 0 448 512" class="trash svg-inline--fa fa-trash fa-w-14">
      <path fill="currentColor" d="M432 32H312l-9.4-18.7A24 24 0 0 0 281.1 0H166.8a23.72 23.72 0 0 0-21.4 13.3L136 32H16A16 16 0 0 0 0 48v32a16 16 0 0 0 16 16h416a16 16 0 0 0 16-16V48a16 16 0 0 0-16-16zM53.2 467a48 48 0 0 0 47.9 45h245.8a48 48 0 0 0 47.9-45L416 128H32z" class=""></path>
    </svg>
  </div>
  <div class="list-group-item">
    <p>
      Second Value
    </p> <svg aria-hidden="true" focusable="false" data-prefix="fas" data-icon="edit" role="img" xmlns="http://www.w3.org/2000/svg" viewBox="0 0 576 512" class="edit svg-inline--fa fa-edit fa-w-18">
      <path fill="currentColor" d="M402.6 83.2l90.2 90.2c3.8 3.8 3.8 10 0 13.8L274.4 405.6l-92.8 10.3c-12.4 1.4-22.9-9.1-21.5-21.5l10.3-92.8L388.8 83.2c3.8-3.8 10-3.8 13.8 0zm162-22.9l-48.8-48.8c-15.2-15.2-39.9-15.2-55.2 0l-35.4 35.4c-3.8 3.8-3.8 10 0 13.8l90.2 90.2c3.8 3.8 10 3.8 13.8 0l35.4-35.4c15.2-15.3 15.2-40 0-55.2zM384 346.2V448H64V128h229.8c3.2 0 6.2-1.3 8.5-3.5l40-40c7.6-7.6 2.2-20.5-8.5-20.5H48C21.5 64 0 85.5 0 112v352c0 26.5 21.5 48 48 48h352c26.5 0 48-21.5 48-48V306.2c0-10.7-12.9-16-20.5-8.5l-40 40c-2.2 2.3-3.5 5.3-3.5 8.5z" class=""></path>
    </svg> <svg aria-hidden="true" focusable="false" data-prefix="fas" data-icon="trash" role="img" xmlns="http://www.w3.org/2000/svg" viewBox="0 0 448 512" class="trash svg-inline--fa fa-trash fa-w-14">
      <path fill="currentColor" d="M432 32H312l-9.4-18.7A24 24 0 0 0 281.1 0H166.8a23.72 23.72 0 0 0-21.4 13.3L136 32H16A16 16 0 0 0 0 48v32a16 16 0 0 0 16 16h416a16 16 0 0 0 16-16V48a16 16 0 0 0-16-16zM53.2 467a48 48 0 0 0 47.9 45h245.8a48 48 0 0 0 47.9-45L416 128H32z" class=""></path>
    </svg>
  </div>
  <div class="list-group-item">
    <p>
      Third Value
    </p> <svg aria-hidden="true" focusable="false" data-prefix="fas" data-icon="edit" role="img" xmlns="http://www.w3.org/2000/svg" viewBox="0 0 576 512" class="edit svg-inline--fa fa-edit fa-w-18">
      <path fill="currentColor" d="M402.6 83.2l90.2 90.2c3.8 3.8 3.8 10 0 13.8L274.4 405.6l-92.8 10.3c-12.4 1.4-22.9-9.1-21.5-21.5l10.3-92.8L388.8 83.2c3.8-3.8 10-3.8 13.8 0zm162-22.9l-48.8-48.8c-15.2-15.2-39.9-15.2-55.2 0l-35.4 35.4c-3.8 3.8-3.8 10 0 13.8l90.2 90.2c3.8 3.8 10 3.8 13.8 0l35.4-35.4c15.2-15.3 15.2-40 0-55.2zM384 346.2V448H64V128h229.8c3.2 0 6.2-1.3 8.5-3.5l40-40c7.6-7.6 2.2-20.5-8.5-20.5H48C21.5 64 0 85.5 0 112v352c0 26.5 21.5 48 48 48h352c26.5 0 48-21.5 48-48V306.2c0-10.7-12.9-16-20.5-8.5l-40 40c-2.2 2.3-3.5 5.3-3.5 8.5z" class=""></path>
    </svg> <svg aria-hidden="true" focusable="false" data-prefix="fas" data-icon="trash" role="img" xmlns="http://www.w3.org/2000/svg" viewBox="0 0 448 512" class="trash svg-inline--fa fa-trash fa-w-14">
      <path fill="currentColor" d="M432 32H312l-9.4-18.7A24 24 0 0 0 281.1 0H166.8a23.72 23.72 0 0 0-21.4 13.3L136 32H16A16 16 0 0 0 0 48v32a16 16 0 0 0 16 16h416a16 16 0 0 0 16-16V48a16 16 0 0 0-16-16zM53.2 467a48 48 0 0 0 47.9 45h245.8a48 48 0 0 0 47.9-45L416 128H32z" class=""></path>
    </svg>
  </div>
  <div class="list-group-item">
    <p>
      Forth Value
    </p> <svg aria-hidden="true" focusable="false" data-prefix="fas" data-icon="edit" role="img" xmlns="http://www.w3.org/2000/svg" viewBox="0 0 576 512" class="edit svg-inline--fa fa-edit fa-w-18">
      <path fill="currentColor" d="M402.6 83.2l90.2 90.2c3.8 3.8 3.8 10 0 13.8L274.4 405.6l-92.8 10.3c-12.4 1.4-22.9-9.1-21.5-21.5l10.3-92.8L388.8 83.2c3.8-3.8 10-3.8 13.8 0zm162-22.9l-48.8-48.8c-15.2-15.2-39.9-15.2-55.2 0l-35.4 35.4c-3.8 3.8-3.8 10 0 13.8l90.2 90.2c3.8 3.8 10 3.8 13.8 0l35.4-35.4c15.2-15.3 15.2-40 0-55.2zM384 346.2V448H64V128h229.8c3.2 0 6.2-1.3 8.5-3.5l40-40c7.6-7.6 2.2-20.5-8.5-20.5H48C21.5 64 0 85.5 0 112v352c0 26.5 21.5 48 48 48h352c26.5 0 48-21.5 48-48V306.2c0-10.7-12.9-16-20.5-8.5l-40 40c-2.2 2.3-3.5 5.3-3.5 8.5z" class=""></path>
    </svg> <svg aria-hidden="true" focusable="false" data-prefix="fas" data-icon="trash" role="img" xmlns="http://www.w3.org/2000/svg" viewBox="0 0 448 512" class="trash svg-inline--fa fa-trash fa-w-14">
      <path fill="currentColor" d="M432 32H312l-9.4-18.7A24 24 0 0 0 281.1 0H166.8a23.72 23.72 0 0 0-21.4 13.3L136 32H16A16 16 0 0 0 0 48v32a16 16 0 0 0 16 16h416a16 16 0 0 0 16-16V48a16 16 0 0 0-16-16zM53.2 467a48 48 0 0 0 47.9 45h245.8a48 48 0 0 0 47.9-45L416 128H32z" class=""></path>
    </svg>
  </div> <br>
  <!---->
  <!---->
</div>
`;
